Renesas Optimizing Linker (W3.05.00 )             11-Dec-2023 17:49:17

*** Options ***

-MAKEUD=DefaultBuild\VCU.lk.ud
-subcommand=DefaultBuild\VCU.clnk
-input=DefaultBuild\cstart.obj
-input=DefaultBuild\r_cg_main.obj
-input=DefaultBuild\r_cg_intvector.obj
-input=DefaultBuild\r_cg_systeminit.obj
-input=DefaultBuild\r_cg_cgc.obj
-input=DefaultBuild\r_cg_cgc_user.obj
-input=DefaultBuild\r_cg_port.obj
-input=DefaultBuild\r_cg_port_user.obj
-input=DefaultBuild\can.obj
-input=DefaultBuild\r_cg_ostm.obj
-input=DefaultBuild\r_cg_ostm_user.obj
-input=DefaultBuild\r_cg_taub.obj
-input=DefaultBuild\r_cg_taub_user.obj
-input=DefaultBuild\can_in.obj
-input=DefaultBuild\can_out.obj
-input=DefaultBuild\state.obj
-input=DefaultBuild\r_fdl_hw_access.obj
-input=DefaultBuild\r_fdl_user_if.obj
-input=DefaultBuild\r_fdl_user_if_init.obj
-input=DefaultBuild\fdl.obj
-input=DefaultBuild\fdl_descriptor.obj
-input=DefaultBuild\fdl_user.obj
-input=DefaultBuild\boot.obj
-input=DefaultBuild\r_cg_adc.obj
-input=DefaultBuild\r_cg_adc_user.obj
-input=DefaultBuild\deration.obj
-input=DefaultBuild\r_cg_intc.obj
-input=DefaultBuild\r_cg_intc_user.obj
-input=DefaultBuild\r_cg_stbc.obj
-input=DefaultBuild\r_cg_stbc_user.obj
-input=DefaultBuild\vector_def.obj
-input=DefaultBuild\debugs.obj
-input=DefaultBuild\eeprom_tork.obj
-input=DefaultBuild\auto_mpp.obj
-input=DefaultBuild\r_cg_taud.obj
-input=DefaultBuild\r_cg_taud_user.obj
-input=DefaultBuild\CHAdeMO.obj
-debug
-nocompress
-NOOPtimize
-output=DefaultBuild\VCU.abs
-library=v850e3v5\rhf8n.lib
-library=v850e3v5\libmalloc.lib
-list=DefaultBuild\VCU.map
-show=symbol,total_size
-start=RESET/0,EIINTTBL.const/00000200,.const,.INIT_DSEC.const,.INIT_BSEC.const,.text,.data,R_FDL_Text.text,R_FDL_Const.const/00001000,.data.R,.bss,.stack.bss,R_FDL_Data.bss,R_FDL_CodeRam.bss/FEDE8000
-rom=.data=.data.R
-memory=high
-total_size
-nologo
-end

*** Error information ***

*** Mapping List ***

SECTION                            START      END         SIZE   ALIGN
RESET
                                  00000000  000001f7       1f8   200
EIINTTBL.const
                                  00000200  00000797       598   4
.const
                                  00001000  00003877      2878   4
.INIT_DSEC.const
                                  00003878  00003883         c   4
.INIT_BSEC.const
                                  00003884  0000388b         8   4
.text
                                  0000388c  00012e45      f5ba   2
.data
                                  00012e48  000131ba       373   4
R_FDL_Text.text
                                  000131bc  0001460f      1454   2
R_FDL_Const.const
                                  00014610  00014622        13   4
.data.R
                                  fede8000  fede8372       373   4
.bss
                                  fede8374  fede9ee7      1b74   4
.stack.bss
                                  fede9ee8  fedea6e7       800   4
R_FDL_Data.bss
                                  fedea6e8  fedea74f        68   4
R_FDL_CodeRam.bss
                                  fedea750  fedea84f       100   4

*** Total Section Size ***

RAMDATA SECTION:  0000284f Byte(s)
ROMDATA SECTION:  000031aa Byte(s)
PROGRAM SECTION:  00010c06 Byte(s)

*** Symbol List ***

SECTION=
FILE=                               START        END    SIZE
  SYMBOL                            ADDR        SIZE    INFO      COUNTS  OPT

SECTION=RESET
FILE=DefaultBuild\boot.obj
                                  00000000  000001f7       1f8

SECTION=EIINTTBL.const
FILE=DefaultBuild\r_cg_intvector.obj
                                  00000200  00000797       598
  _INT_Vectors
                                  00000200       598   data ,g         * 

SECTION=.const
FILE=DefaultBuild\r_cg_main.obj
                                  00001000  00001004         5
FILE=DefaultBuild\can_out.obj
                                  00001008  00002e13      1e0c
FILE=DefaultBuild\fdl_descriptor.obj
                                  00002e14  00002e1b         8
  _sampleApp_fdlConfig_enu
                                  00002e14         8   data ,g         * 
FILE=DefaultBuild\debugs.obj
                                  00002e1c  00002e7c        61
FILE=DefaultBuild\eeprom_tork.obj
                                  00002e80  00003660       7e1
FILE=_ctype_
                                  00003664  00003764       101
  __ctype_
                                  00003664         0   none ,g         * 
FILE=_frexp10
                                  00003768  0000377f        18
  _cxf
                                  00003768         0   none ,l         * 
FILE=_make_mp
                                  00003780  0000378b         c
  _cxf
                                  00003780         0   none ,l         * 
FILE=literal
                                  0000378c  000037a5        1a
  __REL_A_NAN
                                  0000378c         0   none ,g         * 
  __REL_A_INF
                                  00003792         0   none ,g         * 
  __REL_A_PINF
                                  00003798         0   none ,g         * 
  __REL_A_MINF
                                  0000379f         0   none ,g         * 
FILE=_exp10xd
                                  000037a8  000037b3         c
  _clog10
                                  000037a8         0   none ,l         * 
FILE=expxd
                                  000037b4  00003877        c4
  C_K
                                  000037b4         0   none ,l         * 
  C_T
                                  00003838         0   none ,l         * 

SECTION=.INIT_DSEC.const
FILE=DefaultBuild\cstart.obj
                                  00003878  00003883         c

SECTION=.INIT_BSEC.const
FILE=DefaultBuild\cstart.obj
                                  00003884  0000388b         8

SECTION=.text
FILE=DefaultBuild\cstart.obj
                                  0000388c  00003913        88
  __cstart
                                  0000388c         0   none ,g         * 
  _RAMINIT0
                                  000038a6         0   none ,l         * 
  _RAMINIT1
                                  000038b8         0   none ,l         * 
  _exit
                                  00003912         0   none ,l         * 
FILE=DefaultBuild\r_cg_main.obj
                                  00003914  00003ed1       5be
  _jump_leapOfFaith
                                  00003914         8   func ,g         * 
  _main
                                  0000391c       444   func ,g         * 
  _R_MAIN_UserInit
                                  00003d60        9c   func ,g         * 
  _go_f0ta
                                  00003dfc        d6   func ,g         * 
FILE=DefaultBuild\r_cg_systeminit.obj
                                  00003ed2  00003ef9        28
  _R_Systeminit
                                  00003ed2        28   func ,g         * 
FILE=DefaultBuild\r_cg_cgc.obj
                                  00003efa  0000435b       462
  _jump_f2
                                  00003efa         8   func ,g         * 
  _R_CGC_Create
                                  00003f02       45a   func ,g         * 
FILE=DefaultBuild\r_cg_port.obj
                                  0000435c  0000457f       224
  _R_PORT_Create
                                  0000435c       224   func ,g         * 
FILE=DefaultBuild\can.obj
                                  00004580  00004d99       81a
  _CAN_INIT
                                  00004580       2be   func ,g         * 
  _MY_CAN0_Tx
                                  0000483e        44   func ,g         * 
  _MY_CAN1_Tx
                                  00004882        36   func ,g         * 
  _CAN0_RxD
                                  000048b8        9e   func ,g         * 
  _CAN1_RxD
                                  00004956        9e   func ,g         * 
  _CAN_Global_Error_ISR
                                  000049f4        9a   func ,g         * 
  _CAN_Rx_FIFO_ISR
                                  00004a8e        a6   func ,g         * 
  _CAN0_Error_ISR
                                  00004b34        86   func ,g         * 
  _CAN0_TxD_RxD_FIFO_Receive_ISR
                                  00004bba        96   func ,g         * 
  _CAN0_TxD_ISR
                                  00004c50        6a   func ,g         * 
  _can_parser
                                  00004cba        e0   func ,g         * 
FILE=DefaultBuild\r_cg_ostm.obj
                                  00004d9a  00004e15        7c
  _R_OSTM0_Create
                                  00004d9a        40   func ,g         * 
  _R_OSTM0_Start
                                  00004dda        12   func ,g         * 
  _R_OSTM0_Stop
                                  00004dec        22   func ,g         * 
  _R_OSTM0_Set_CompareValue
                                  00004e0e         8   func ,g         * 
FILE=DefaultBuild\r_cg_ostm_user.obj
                                  00004e16  00004fd1       1bc
  _r_ostm0_interrupt
                                  00004e16       1ac   func ,g         * 
  _delay
                                  00004fc2        10   func ,g         * 
FILE=DefaultBuild\r_cg_taub.obj
                                  00004fd2  000051e9       218
  _R_TAUB0_Create
                                  00004fd2       184   func ,g         * 
  _R_TAUB0_Channel0_Start
                                  00005156        22   func ,g         * 
  _R_TAUB0_Channel0_Stop
                                  00005178        30   func ,g         * 
  _R_TAUB0_Channel1_Start
                                  000051a8        1a   func ,g         * 
  _R_TAUB0_Channel1_Stop
                                  000051c2        28   func ,g         * 
FILE=DefaultBuild\r_cg_taub_user.obj
                                  000051ea  00005a95       8ac
  _r_taub0_channel0_interrupt
                                  000051ea        3c   func ,g         * 
  _r_taub0_channel1_interrupt
                                  00005226       834   func ,g         * 
  _r_taub0_channel13_interrupt
                                  00005a5a        3c   func ,g         * 
FILE=DefaultBuild\can_in.obj
                                  00005a96  00006c11      117c
  _can_in_parsing
                                  00005a96      117c   func ,g         * 
FILE=DefaultBuild\can_out.obj
                                  00006c12  0000b005      43f4
  _add_frame_here
                                  00006c12      27fa   func ,g         * 
  _out_frame_setter
                                  0000940c       738   func ,g         * 
  _out_frame_maker
                                  00009b44      11de   func ,g         * 
  _addFlagsTo102
                                  0000ad22       2e4   func ,g         * 
FILE=DefaultBuild\state.obj
                                  0000b006  0000c381      137c
  _STATE_VIA_IO
                                  0000b006      10d8   func ,g         * 
  _GetAtStartLocks
                                  0000c0de        56   func ,g         * 
  _GetRunningLocks
                                  0000c134        a4   func ,g         * 
  _WarnRunningLocks
                                  0000c1d8        b0   func ,g         * 
  _premiumCheck
                                  0000c288        38   func ,g         * 
  _RPMramping
                                  0000c2c0        a2   func ,g         * 
  _enableCANTranscivers
                                  0000c362        20   func ,g         * 
FILE=DefaultBuild\fdl.obj
                                  0000c382  0000c5a1       220
  _EraseAllEeprom
                                  0000c382       220   func ,g         * 
FILE=DefaultBuild\fdl_user.obj
                                  0000c5a2  0000c5d7        36
  _FDL_User_CriticalSetionBegin
                                  0000c5a2        1e   func ,g         * 
  _FDL_User_CriticalSetionEnd
                                  0000c5c0        14   func ,g         * 
  _FDL_Open
                                  0000c5d4         2   func ,g         * 
  _FDL_Close
                                  0000c5d6         2   func ,g         * 
FILE=DefaultBuild\boot.obj
                                  0000c5d8  0000c671        9a
  _Dummy
                                  0000c5d8         0   none ,l         * 
  _Dummy_EI
                                  0000c5da         0   none ,l         * 
  __start
                                  0000c5dc         0   none ,l         * 
  _hdwinit
                                  0000c636         0   none ,l         * 
  _zeroclr4
                                  0000c64c         0   none ,l         * 
  _set_table_reference_method
                                  0000c65a         0   none ,l         * 
FILE=DefaultBuild\r_cg_adc.obj
                                  0000c672  0000c925       2b4
  _getADC0n1_result
                                  0000c672        1c   func ,g         * 
  _R_ADC0_Create
                                  0000c68e        e8   func ,g         * 
  _R_ADC0_Halt
                                  0000c776        1a   func ,g         * 
  _R_ADC0_ScanGroup1_Start
                                  0000c790         2   func ,g         * 
  _R_ADC0_ScanGroup1_OperationOn
                                  0000c792         a   func ,g         * 
  _R_ADC0_ScanGroup1_GetResult
                                  0000c79c        60   func ,g         * 
  _R_ADC0_TH_Sampling_Start
                                  0000c7fc         a   func ,g         * 
  _R_ADC1_Create
                                  0000c806        9a   func ,g         * 
  _R_ADC1_Halt
                                  0000c8a0        1a   func ,g         * 
  _R_ADC1_ScanGroup1_Start
                                  0000c8ba         2   func ,g         * 
  _R_ADC1_ScanGroup1_OperationOn
                                  0000c8bc         a   func ,g         * 
  _R_ADC1_ScanGroup1_GetResult
                                  0000c8c6        60   func ,g         * 
FILE=DefaultBuild\deration.obj
                                  0000c926  0000cf89       664
  _derationDefaults
                                  0000c926        4a   func ,g         * 
  _realTimeDeration
                                  0000c970       500   func ,g         * 
  _derateAcMotTemp
                                  0000ce70       11a   func ,g         * 
FILE=DefaultBuild\r_cg_intc.obj
                                  0000cf8a  0000d3df       456
  _R_INTC_Create
                                  0000cf8a       368   func ,g         * 
  _R_INTP2_Start
                                  0000d2f2         a   func ,g         * 
  _R_INTP2_Stop
                                  0000d2fc        18   func ,g         * 
  _R_INTP5_Start
                                  0000d314         a   func ,g         * 
  _R_INTP5_Stop
                                  0000d31e        18   func ,g         * 
  _R_INTP6_Start
                                  0000d336         a   func ,g         * 
  _R_INTP6_Stop
                                  0000d340        18   func ,g         * 
  _R_INTP7_Start
                                  0000d358         a   func ,g         * 
  _R_INTP7_Stop
                                  0000d362        18   func ,g         * 
  _R_INTP8_Start
                                  0000d37a         a   func ,g         * 
  _R_INTP8_Stop
                                  0000d384        18   func ,g         * 
  _R_INTP9_Start
                                  0000d39c         a   func ,g         * 
  _R_INTP9_Stop
                                  0000d3a6        18   func ,g         * 
  _R_INTP13_Start
                                  0000d3be         a   func ,g         * 
  _R_INTP13_Stop
                                  0000d3c8        18   func ,g         * 
FILE=DefaultBuild\r_cg_intc_user.obj
                                  0000d3e0  0000d59d       1be
  _r_intp2_interrupt
                                  0000d3e0        3c   func ,g         * 
  _r_intp5_interrupt
                                  0000d41c        3c   func ,g         * 
  _r_intp6_interrupt
                                  0000d458        56   func ,g         * 
  _r_intp7_interrupt
                                  0000d4ae        3c   func ,g         * 
  _r_intp8_interrupt
                                  0000d4ea        3c   func ,g         * 
  _r_intp9_interrupt
                                  0000d526        3c   func ,g         * 
  _r_intp13_interrupt
                                  0000d562        3c   func ,g         * 
FILE=DefaultBuild\r_cg_stbc.obj
                                  0000d59e  0000d617        7a
  _R_STBC_Prepare_Stop_Mode
                                  0000d59e        44   func ,g         * 
  _R_STBC_Start_Stop_Mode
                                  0000d5e2        36   func ,g         * 
FILE=DefaultBuild\r_cg_stbc_user.obj
                                  0000d618  0000d61f         8
  _R_STBC_Prepare_Stop_Mode_Set_Peripheral
                                  0000d618         2   func ,g         * 
  _R_STBC_Prepare_Stop_Mode_Set_Interrupt
                                  0000d61a         2   func ,g         * 
  _R_STBC_Prepare_Stop_Mode_Set_Clock_Mask
                                  0000d61c         2   func ,g         * 
  _R_STBC_Prepare_Stop_Mode_Set_Clock_Source
                                  0000d61e         2   func ,g         * 
FILE=DefaultBuild\vector_def.obj
                                  0000d620  0000d8e7       2c8
  _eiint0
                                  0000d620         2   func ,g         * 
  _eiint1
                                  0000d622         2   func ,g         * 
  _eiint2
                                  0000d624         2   func ,g         * 
  _eiint3
                                  0000d626         2   func ,g         * 
  _eiint4
                                  0000d628         2   func ,g         * 
  _eiint5
                                  0000d62a         2   func ,g         * 
  _eiint6
                                  0000d62c         2   func ,g         * 
  _eiint7
                                  0000d62e         2   func ,g         * 
  _eiint8
                                  0000d630         2   func ,g         * 
  _eiint9
                                  0000d632         2   func ,g         * 
  _eiint10
                                  0000d634         2   func ,g         * 
  _eiint11
                                  0000d636         2   func ,g         * 
  _eiint12
                                  0000d638         2   func ,g         * 
  _eiint13
                                  0000d63a         2   func ,g         * 
  _eiint14
                                  0000d63c         2   func ,g         * 
  _eiint15
                                  0000d63e         2   func ,g         * 
  _eiint16
                                  0000d640         2   func ,g         * 
  _eiint17
                                  0000d642         2   func ,g         * 
  _eiint18
                                  0000d644         2   func ,g         * 
  _eiint19
                                  0000d646         2   func ,g         * 
  _eiint20
                                  0000d648         2   func ,g         * 
  _eiint21
                                  0000d64a         2   func ,g         * 
  _eiint22
                                  0000d64c         2   func ,g         * 
  _eiint23
                                  0000d64e         2   func ,g         * 
  _eiint24
                                  0000d650         2   func ,g         * 
  _eiint25
                                  0000d652         2   func ,g         * 
  _eiint26
                                  0000d654         2   func ,g         * 
  _eiint27
                                  0000d656         2   func ,g         * 
  _eiint28
                                  0000d658         2   func ,g         * 
  _eiint29
                                  0000d65a         2   func ,g         * 
  _eiint30
                                  0000d65c         2   func ,g         * 
  _eiint31
                                  0000d65e         2   func ,g         * 
  _eiint32
                                  0000d660         2   func ,g         * 
  _eiint33
                                  0000d662         2   func ,g         * 
  _eiint34
                                  0000d664         2   func ,g         * 
  _eiint35
                                  0000d666         2   func ,g         * 
  _eiint36
                                  0000d668         2   func ,g         * 
  _eiint37
                                  0000d66a         2   func ,g         * 
  _eiint38
                                  0000d66c         2   func ,g         * 
  _eiint39
                                  0000d66e         2   func ,g         * 
  _eiint40
                                  0000d670         2   func ,g         * 
  _eiint41
                                  0000d672         2   func ,g         * 
  _eiint42
                                  0000d674         2   func ,g         * 
  _eiint43
                                  0000d676         2   func ,g         * 
  _eiint44
                                  0000d678         2   func ,g         * 
  _eiint45
                                  0000d67a         2   func ,g         * 
  _eiint46
                                  0000d67c         2   func ,g         * 
  _eiint47
                                  0000d67e         2   func ,g         * 
  _eiint48
                                  0000d680         2   func ,g         * 
  _eiint49
                                  0000d682         2   func ,g         * 
  _eiint50
                                  0000d684         2   func ,g         * 
  _eiint51
                                  0000d686         2   func ,g         * 
  _eiint52
                                  0000d688         2   func ,g         * 
  _eiint53
                                  0000d68a         2   func ,g         * 
  _eiint54
                                  0000d68c         2   func ,g         * 
  _eiint55
                                  0000d68e         2   func ,g         * 
  _eiint56
                                  0000d690         2   func ,g         * 
  _eiint57
                                  0000d692         2   func ,g         * 
  _eiint58
                                  0000d694         2   func ,g         * 
  _eiint59
                                  0000d696         2   func ,g         * 
  _eiint60
                                  0000d698         2   func ,g         * 
  _eiint61
                                  0000d69a         2   func ,g         * 
  _eiint62
                                  0000d69c         2   func ,g         * 
  _eiint63
                                  0000d69e         2   func ,g         * 
  _eiint64
                                  0000d6a0         2   func ,g         * 
  _eiint65
                                  0000d6a2         2   func ,g         * 
  _eiint66
                                  0000d6a4         2   func ,g         * 
  _eiint67
                                  0000d6a6         2   func ,g         * 
  _eiint68
                                  0000d6a8         2   func ,g         * 
  _eiint69
                                  0000d6aa         2   func ,g         * 
  _eiint70
                                  0000d6ac         2   func ,g         * 
  _eiint71
                                  0000d6ae         2   func ,g         * 
  _eiint72
                                  0000d6b0         2   func ,g         * 
  _eiint73
                                  0000d6b2         2   func ,g         * 
  _eiint74
                                  0000d6b4         2   func ,g         * 
  _eiint75
                                  0000d6b6         2   func ,g         * 
  _eiint76
                                  0000d6b8         2   func ,g         * 
  _eiint77
                                  0000d6ba         2   func ,g         * 
  _eiint78
                                  0000d6bc         2   func ,g         * 
  _eiint79
                                  0000d6be         2   func ,g         * 
  _eiint80
                                  0000d6c0         2   func ,g         * 
  _eiint81
                                  0000d6c2         2   func ,g         * 
  _eiint82
                                  0000d6c4         2   func ,g         * 
  _eiint83
                                  0000d6c6         2   func ,g         * 
  _eiint85
                                  0000d6c8         2   func ,g         * 
  _eiint86
                                  0000d6ca         2   func ,g         * 
  _eiint87
                                  0000d6cc         2   func ,g         * 
  _eiint88
                                  0000d6ce         2   func ,g         * 
  _eiint89
                                  0000d6d0         2   func ,g         * 
  _eiint90
                                  0000d6d2         2   func ,g         * 
  _eiint91
                                  0000d6d4         2   func ,g         * 
  _eiint92
                                  0000d6d6         2   func ,g         * 
  _eiint93
                                  0000d6d8         2   func ,g         * 
  _eiint94
                                  0000d6da         2   func ,g         * 
  _eiint95
                                  0000d6dc         2   func ,g         * 
  _eiint96
                                  0000d6de         2   func ,g         * 
  _eiint97
                                  0000d6e0         2   func ,g         * 
  _eiint98
                                  0000d6e2         2   func ,g         * 
  _eiint99
                                  0000d6e4         2   func ,g         * 
  _eiint100
                                  0000d6e6         2   func ,g         * 
  _eiint101
                                  0000d6e8         2   func ,g         * 
  _eiint102
                                  0000d6ea         2   func ,g         * 
  _eiint103
                                  0000d6ec         2   func ,g         * 
  _eiint104
                                  0000d6ee         2   func ,g         * 
  _eiint105
                                  0000d6f0         2   func ,g         * 
  _eiint106
                                  0000d6f2         2   func ,g         * 
  _eiint107
                                  0000d6f4         2   func ,g         * 
  _eiint108
                                  0000d6f6         2   func ,g         * 
  _eiint109
                                  0000d6f8         2   func ,g         * 
  _eiint110
                                  0000d6fa         2   func ,g         * 
  _eiint111
                                  0000d6fc         2   func ,g         * 
  _eiint112
                                  0000d6fe         2   func ,g         * 
  _eiint113
                                  0000d700         2   func ,g         * 
  _eiint114
                                  0000d702         2   func ,g         * 
  _eiint115
                                  0000d704         2   func ,g         * 
  _eiint116
                                  0000d706         2   func ,g         * 
  _eiint117
                                  0000d708         2   func ,g         * 
  _eiint118
                                  0000d70a         2   func ,g         * 
  _eiint119
                                  0000d70c         2   func ,g         * 
  _eiint120
                                  0000d70e         2   func ,g         * 
  _eiint121
                                  0000d710         2   func ,g         * 
  _eiint122
                                  0000d712         2   func ,g         * 
  _eiint123
                                  0000d714         2   func ,g         * 
  _eiint124
                                  0000d716         2   func ,g         * 
  _eiint125
                                  0000d718         2   func ,g         * 
  _eiint126
                                  0000d71a         2   func ,g         * 
  _eiint127
                                  0000d71c         2   func ,g         * 
  _eiint128
                                  0000d71e         2   func ,g         * 
  _eiint129
                                  0000d720         2   func ,g         * 
  _eiint130
                                  0000d722         2   func ,g         * 
  _eiint131
                                  0000d724         2   func ,g         * 
  _eiint132
                                  0000d726         2   func ,g         * 
  _eiint133
                                  0000d728         2   func ,g         * 
  _eiint134
                                  0000d72a         2   func ,g         * 
  _eiint135
                                  0000d72c         2   func ,g         * 
  _eiint136
                                  0000d72e         2   func ,g         * 
  _eiint137
                                  0000d730         2   func ,g         * 
  _eiint138
                                  0000d732         2   func ,g         * 
  _eiint139
                                  0000d734         2   func ,g         * 
  _eiint140
                                  0000d736         2   func ,g         * 
  _eiint141
                                  0000d738         2   func ,g         * 
  _eiint143
                                  0000d73a         2   func ,g         * 
  _eiint144
                                  0000d73c         2   func ,g         * 
  _eiint145
                                  0000d73e         2   func ,g         * 
  _eiint146
                                  0000d740         2   func ,g         * 
  _eiint147
                                  0000d742         2   func ,g         * 
  _eiint148
                                  0000d744         2   func ,g         * 
  _eiint149
                                  0000d746         2   func ,g         * 
  _eiint150
                                  0000d748         2   func ,g         * 
  _eiint151
                                  0000d74a         2   func ,g         * 
  _eiint152
                                  0000d74c         2   func ,g         * 
  _eiint153
                                  0000d74e         2   func ,g         * 
  _eiint154
                                  0000d750         2   func ,g         * 
  _eiint155
                                  0000d752         2   func ,g         * 
  _eiint156
                                  0000d754         2   func ,g         * 
  _eiint157
                                  0000d756         2   func ,g         * 
  _eiint158
                                  0000d758         2   func ,g         * 
  _eiint159
                                  0000d75a         2   func ,g         * 
  _eiint160
                                  0000d75c         2   func ,g         * 
  _eiint161
                                  0000d75e         2   func ,g         * 
  _eiint162
                                  0000d760         2   func ,g         * 
  _eiint163
                                  0000d762         2   func ,g         * 
  _eiint164
                                  0000d764         2   func ,g         * 
  _eiint165
                                  0000d766         2   func ,g         * 
  _eiint166
                                  0000d768         2   func ,g         * 
  _eiint167
                                  0000d76a         2   func ,g         * 
  _eiint168
                                  0000d76c         2   func ,g         * 
  _eiint169
                                  0000d76e         2   func ,g         * 
  _eiint170
                                  0000d770         2   func ,g         * 
  _eiint171
                                  0000d772         2   func ,g         * 
  _eiint172
                                  0000d774         2   func ,g         * 
  _eiint173
                                  0000d776         2   func ,g         * 
  _eiint174
                                  0000d778         2   func ,g         * 
  _eiint175
                                  0000d77a         2   func ,g         * 
  _eiint176
                                  0000d77c         2   func ,g         * 
  _eiint177
                                  0000d77e         2   func ,g         * 
  _eiint178
                                  0000d780         2   func ,g         * 
  _eiint179
                                  0000d782         2   func ,g         * 
  _eiint180
                                  0000d784         2   func ,g         * 
  _eiint181
                                  0000d786         2   func ,g         * 
  _eiint182
                                  0000d788         2   func ,g         * 
  _eiint183
                                  0000d78a         2   func ,g         * 
  _eiint184
                                  0000d78c         2   func ,g         * 
  _eiint185
                                  0000d78e         2   func ,g         * 
  _eiint186
                                  0000d790         2   func ,g         * 
  _eiint187
                                  0000d792         2   func ,g         * 
  _eiint188
                                  0000d794         2   func ,g         * 
  _eiint189
                                  0000d796         2   func ,g         * 
  _eiint190
                                  0000d798         2   func ,g         * 
  _eiint191
                                  0000d79a         2   func ,g         * 
  _eiint192
                                  0000d79c         2   func ,g         * 
  _eiint193
                                  0000d79e         2   func ,g         * 
  _eiint194
                                  0000d7a0         2   func ,g         * 
  _eiint195
                                  0000d7a2         2   func ,g         * 
  _eiint196
                                  0000d7a4         2   func ,g         * 
  _eiint197
                                  0000d7a6         2   func ,g         * 
  _eiint198
                                  0000d7a8         2   func ,g         * 
  _eiint199
                                  0000d7aa         2   func ,g         * 
  _eiint200
                                  0000d7ac         2   func ,g         * 
  _eiint201
                                  0000d7ae         2   func ,g         * 
  _eiint202
                                  0000d7b0         2   func ,g         * 
  _eiint203
                                  0000d7b2         2   func ,g         * 
  _eiint204
                                  0000d7b4         2   func ,g         * 
  _eiint205
                                  0000d7b6         2   func ,g         * 
  _eiint206
                                  0000d7b8         2   func ,g         * 
  _eiint207
                                  0000d7ba         2   func ,g         * 
  _eiint208
                                  0000d7bc         2   func ,g         * 
  _eiint209
                                  0000d7be         2   func ,g         * 
  _eiint210
                                  0000d7c0         2   func ,g         * 
  _eiint211
                                  0000d7c2         2   func ,g         * 
  _eiint212
                                  0000d7c4         2   func ,g         * 
  _eiint213
                                  0000d7c6         2   func ,g         * 
  _eiint214
                                  0000d7c8         2   func ,g         * 
  _eiint215
                                  0000d7ca         2   func ,g         * 
  _eiint216
                                  0000d7cc         2   func ,g         * 
  _eiint217
                                  0000d7ce         2   func ,g         * 
  _eiint218
                                  0000d7d0         2   func ,g         * 
  _eiint219
                                  0000d7d2         2   func ,g         * 
  _eiint220
                                  0000d7d4         2   func ,g         * 
  _eiint221
                                  0000d7d6         2   func ,g         * 
  _eiint222
                                  0000d7d8         2   func ,g         * 
  _eiint223
                                  0000d7da         2   func ,g         * 
  _eiint224
                                  0000d7dc         2   func ,g         * 
  _eiint225
                                  0000d7de         2   func ,g         * 
  _eiint226
                                  0000d7e0         2   func ,g         * 
  _eiint227
                                  0000d7e2         2   func ,g         * 
  _eiint228
                                  0000d7e4         2   func ,g         * 
  _eiint229
                                  0000d7e6         2   func ,g         * 
  _eiint230
                                  0000d7e8         2   func ,g         * 
  _eiint231
                                  0000d7ea         2   func ,g         * 
  _eiint232
                                  0000d7ec         2   func ,g         * 
  _eiint233
                                  0000d7ee         2   func ,g         * 
  _eiint234
                                  0000d7f0         2   func ,g         * 
  _eiint235
                                  0000d7f2         2   func ,g         * 
  _eiint236
                                  0000d7f4         2   func ,g         * 
  _eiint237
                                  0000d7f6         2   func ,g         * 
  _eiint238
                                  0000d7f8         2   func ,g         * 
  _eiint239
                                  0000d7fa         2   func ,g         * 
  _eiint240
                                  0000d7fc         2   func ,g         * 
  _eiint241
                                  0000d7fe         2   func ,g         * 
  _eiint242
                                  0000d800         2   func ,g         * 
  _eiint243
                                  0000d802         2   func ,g         * 
  _eiint244
                                  0000d804         2   func ,g         * 
  _eiint245
                                  0000d806         2   func ,g         * 
  _eiint246
                                  0000d808         2   func ,g         * 
  _eiint247
                                  0000d80a         2   func ,g         * 
  _eiint248
                                  0000d80c         2   func ,g         * 
  _eiint249
                                  0000d80e         2   func ,g         * 
  _eiint250
                                  0000d810         2   func ,g         * 
  _eiint251
                                  0000d812         2   func ,g         * 
  _eiint252
                                  0000d814         2   func ,g         * 
  _eiint253
                                  0000d816         2   func ,g         * 
  _eiint254
                                  0000d818         2   func ,g         * 
  _eiint255
                                  0000d81a         2   func ,g         * 
  _eiint256
                                  0000d81c         2   func ,g         * 
  _eiint257
                                  0000d81e         2   func ,g         * 
  _eiint258
                                  0000d820         2   func ,g         * 
  _eiint259
                                  0000d822         2   func ,g         * 
  _eiint260
                                  0000d824         2   func ,g         * 
  _eiint261
                                  0000d826         2   func ,g         * 
  _eiint262
                                  0000d828         2   func ,g         * 
  _eiint263
                                  0000d82a         2   func ,g         * 
  _eiint264
                                  0000d82c         2   func ,g         * 
  _eiint265
                                  0000d82e         2   func ,g         * 
  _eiint266
                                  0000d830         2   func ,g         * 
  _eiint267
                                  0000d832         2   func ,g         * 
  _eiint268
                                  0000d834         2   func ,g         * 
  _eiint269
                                  0000d836         2   func ,g         * 
  _eiint270
                                  0000d838         2   func ,g         * 
  _eiint271
                                  0000d83a         2   func ,g         * 
  _eiint272
                                  0000d83c         2   func ,g         * 
  _eiint273
                                  0000d83e         2   func ,g         * 
  _eiint274
                                  0000d840         2   func ,g         * 
  _eiint275
                                  0000d842         2   func ,g         * 
  _eiint276
                                  0000d844         2   func ,g         * 
  _eiint277
                                  0000d846         2   func ,g         * 
  _eiint278
                                  0000d848         2   func ,g         * 
  _eiint279
                                  0000d84a         2   func ,g         * 
  _eiint280
                                  0000d84c         2   func ,g         * 
  _eiint281
                                  0000d84e         2   func ,g         * 
  _eiint282
                                  0000d850         2   func ,g         * 
  _eiint283
                                  0000d852         2   func ,g         * 
  _eiint284
                                  0000d854         2   func ,g         * 
  _eiint285
                                  0000d856         2   func ,g         * 
  _eiint286
                                  0000d858         2   func ,g         * 
  _eiint287
                                  0000d85a         2   func ,g         * 
  _eiint288
                                  0000d85c         2   func ,g         * 
  _eiint289
                                  0000d85e         2   func ,g         * 
  _eiint290
                                  0000d860         2   func ,g         * 
  _eiint291
                                  0000d862         2   func ,g         * 
  _eiint292
                                  0000d864         2   func ,g         * 
  _eiint293
                                  0000d866         2   func ,g         * 
  _eiint294
                                  0000d868         2   func ,g         * 
  _eiint295
                                  0000d86a         2   func ,g         * 
  _eiint296
                                  0000d86c         2   func ,g         * 
  _eiint297
                                  0000d86e         2   func ,g         * 
  _eiint298
                                  0000d870         2   func ,g         * 
  _eiint299
                                  0000d872         2   func ,g         * 
  _eiint300
                                  0000d874         2   func ,g         * 
  _eiint301
                                  0000d876         2   func ,g         * 
  _eiint302
                                  0000d878         2   func ,g         * 
  _eiint303
                                  0000d87a         2   func ,g         * 
  _eiint304
                                  0000d87c         2   func ,g         * 
  _eiint305
                                  0000d87e         2   func ,g         * 
  _eiint306
                                  0000d880         2   func ,g         * 
  _eiint307
                                  0000d882         2   func ,g         * 
  _eiint308
                                  0000d884         2   func ,g         * 
  _eiint309
                                  0000d886         2   func ,g         * 
  _eiint310
                                  0000d888         2   func ,g         * 
  _eiint311
                                  0000d88a         2   func ,g         * 
  _eiint312
                                  0000d88c         2   func ,g         * 
  _eiint313
                                  0000d88e         2   func ,g         * 
  _eiint314
                                  0000d890         2   func ,g         * 
  _eiint315
                                  0000d892         2   func ,g         * 
  _eiint316
                                  0000d894         2   func ,g         * 
  _eiint317
                                  0000d896         2   func ,g         * 
  _eiint318
                                  0000d898         2   func ,g         * 
  _eiint319
                                  0000d89a         2   func ,g         * 
  _eiint320
                                  0000d89c         2   func ,g         * 
  _eiint321
                                  0000d89e         2   func ,g         * 
  _eiint322
                                  0000d8a0         2   func ,g         * 
  _eiint323
                                  0000d8a2         2   func ,g         * 
  _eiint324
                                  0000d8a4         2   func ,g         * 
  _eiint325
                                  0000d8a6         2   func ,g         * 
  _eiint326
                                  0000d8a8         2   func ,g         * 
  _eiint327
                                  0000d8aa         2   func ,g         * 
  _eiint328
                                  0000d8ac         2   func ,g         * 
  _eiint329
                                  0000d8ae         2   func ,g         * 
  _eiint330
                                  0000d8b0         2   func ,g         * 
  _eiint331
                                  0000d8b2         2   func ,g         * 
  _eiint332
                                  0000d8b4         2   func ,g         * 
  _eiint333
                                  0000d8b6         2   func ,g         * 
  _eiint334
                                  0000d8b8         2   func ,g         * 
  _eiint335
                                  0000d8ba         2   func ,g         * 
  _eiint336
                                  0000d8bc         2   func ,g         * 
  _eiint337
                                  0000d8be         2   func ,g         * 
  _eiint338
                                  0000d8c0         2   func ,g         * 
  _eiint339
                                  0000d8c2         2   func ,g         * 
  _eiint340
                                  0000d8c4         2   func ,g         * 
  _eiint341
                                  0000d8c6         2   func ,g         * 
  _eiint342
                                  0000d8c8         2   func ,g         * 
  _eiint343
                                  0000d8ca         2   func ,g         * 
  _eiint344
                                  0000d8cc         2   func ,g         * 
  _eiint345
                                  0000d8ce         2   func ,g         * 
  _eiint346
                                  0000d8d0         2   func ,g         * 
  _eiint347
                                  0000d8d2         2   func ,g         * 
  _eiint348
                                  0000d8d4         2   func ,g         * 
  _eiint349
                                  0000d8d6         2   func ,g         * 
  _eiint350
                                  0000d8d8         2   func ,g         * 
  _eiint351
                                  0000d8da         2   func ,g         * 
  _eiint352
                                  0000d8dc         2   func ,g         * 
  _eiint353
                                  0000d8de         2   func ,g         * 
  _eiint354
                                  0000d8e0         2   func ,g         * 
  _eiint355
                                  0000d8e2         2   func ,g         * 
  _eiint356
                                  0000d8e4         2   func ,g         * 
  _eiint357
                                  0000d8e6         2   func ,g         * 
FILE=DefaultBuild\debugs.obj
                                  0000d8e8  0000de4b       564
  _soft_reset
                                  0000d8e8        36   func ,g         * 
  _getdate
                                  0000d91e       15c   func ,g         * 
  _GotDebug
                                  0000da7a       3d2   func ,g         * 
FILE=DefaultBuild\eeprom_tork.obj
                                  0000de4c  0000f185      133a
  _EEPROM_INIT
                                  0000de4c       a06   func ,g         * 
  _eep_frame_setter
                                  0000e852       130   func ,g         * 
  _Eeprom_read_all
                                  0000e982       184   func ,g         * 
  _ODO_write
                                  0000eb06        84   func ,g         * 
  _WattHrKm_write
                                  0000eb8a        84   func ,g         * 
  _BMSErrorWrite
                                  0000ec0e        9a   func ,g         * 
  _PemiumStatusWrite
                                  0000eca8        9a   func ,g         * 
  _feed_eeprom
                                  0000ed42       2a6   func ,g         * 
  _feedDebugs
                                  0000efe8       104   func ,g         * 
  _eepromReadByAddress
                                  0000f0ec        9a   func ,g         * 
FILE=DefaultBuild\auto_mpp.obj
                                  0000f186  0000f187         2
  _one_step
                                  0000f186         2   func ,g         * 
FILE=DefaultBuild\r_cg_taud.obj
                                  0000f188  0000f2bb       134
  _R_TAUD0_Create
                                  0000f188        f2   func ,g         * 
  _R_TAUD0_Channel7_Start
                                  0000f27a        1a   func ,g         * 
  _R_TAUD0_Channel7_Stop
                                  0000f294        28   func ,g         * 
FILE=DefaultBuild\r_cg_taud_user.obj
                                  0000f2bc  0000f965       6aa
  _r_taud0_channel7_interrupt
                                  0000f2bc       6aa   func ,g         * 
FILE=DefaultBuild\CHAdeMO.obj
                                  0000f966  000105a3       c3e
  _ChargerRunning
                                  0000f966       4ca   func ,g         * 
  _BeginCHAdemo
                                  0000fe30         c   func ,g         * 
  _vh_sub_08
                                  0000fe3c        5c   func ,g         * 
  _vh_sub_09
                                  0000fe98        e8   func ,g         * 
  _vh_sub_04
                                  0000ff80       30a   func ,g         * 
  _vh_sub_02
                                  0001028a       262   func ,g         * 
  _vh_sub_03
                                  000104ec        36   func ,g         * 
  _raiseChademoError
                                  00010522        48   func ,g         * 
  _CHAdeMO_hardStop
                                  0001056a        3a   func ,g         * 
FILE=atoi
                                  000105a4  000105ab         8
  _atol
                                  000105a4         0   none ,g         * 
  _atoi
                                  000105a4         0   none ,g         * 
FILE=cvtsd
                                  000105ac  000105f3        48
  __COM_ftod
                                  000105ac         0   none ,g         * 
  T0100
                                  000105c0         0   none ,l         * 
  T0101
                                  000105c4         0   none ,l         * 
  T_ZERO
                                  000105d8         0   none ,l         * 
  T_NOR
                                  000105e0         0   none ,l         * 
  T_INF
                                  000105ee         0   none ,l         * 
FILE=initsct_rh
                                  000105f4  000106a3        b0
  __INITSCT_RH
                                  000105f4         0   none ,g         * 
FILE=memset
                                  000106a4  000106b5        12
  _memset
                                  000106a4         0   none ,g         * 
  TRET
                                  000106b4         0   none ,l         * 
FILE=mulfd
                                  000106b6  0001079b        e6
  __COM_dmul
                                  000106b6         0   none ,g         * 
  LOOP1
                                  000106dc         0   none ,l         * 
  T0201
                                  000106ea         0   none ,l         * 
  LOOP2
                                  000106f6         0   none ,l         * 
  T0202
                                  00010704         0   none ,l         * 
  T0501
                                  0001076c         0   none ,l         * 
  T_EXCP0
                                  00010770         0   none ,l         * 
  NAN1
                                  0001077c         0   none ,l         * 
  ZEROWS
                                  00010780         0   none ,l         * 
  T_EXCP1
                                  00010784         0   none ,l         * 
  NAN2
                                  0001078e         0   none ,l         * 
  T_X001
                                  00010792         0   none ,l         * 
  INFWS
                                  00010798         0   none ,l         * 
FILE=shll
                                  0001079c  000107c7        2c
  __COM_shll_64_32
                                  0001079c         0   none ,g         * 
FILE=shrl
                                  000107c8  000107f3        2c
  __COM_shrl_64_32
                                  000107c8         0   none ,g         * 
FILE=sprintf
                                  000107f4  0001081f        2c
  _sprintf
                                  000107f4         0   none ,g         * 
FILE=strcmp
                                  00010820  0001083d        1e
  _strcmp
                                  00010820         0   none ,g         * 
  TEXIT
                                  0001083c         0   none ,l         * 
FILE=trncdw
                                  0001083e  000108b3        76
  __COM_dtou
                                  0001083e         0   none ,g         * 
  __COM_dtoi
                                  00010850         0   none ,g         * 
FILE=com1d
                                  000108b4  00010a03       150
  __REL_analyzed.l
                                  000108b4         0   none ,g         * 
  __REL_x0divd.l
                                  00010912         0   none ,g         * 
  __REL_xoverd.l
                                  00010916         0   none ,g         * 
  __REL_infwsd.l
                                  0001091a         0   none ,g         * 
  FINFWS
                                  0001091c         0   none ,l         * 
  __REL_denord.l
                                  00010928         0   none ,g         * 
  TDEN01
                                  0001094c         0   none ,l         * 
  __REL_ret0d.l
                                  0001096e         0   none ,g         * 
  __REL_nord.l
                                  00010976         0   none ,g         * 
  TNOR00
                                  0001097e         0   none ,l         * 
  TNOR01
                                  00010994         0   none ,l         * 
  FSTOR
                                  000109a2         0   none ,l         * 
  FSTOR1
                                  000109b8         0   none ,l         * 
  FSTOR2
                                  000109cc         0   none ,l         * 
  TRET
                                  000109e6         0   none ,l         * 
  __REL_xinexd.l
                                  000109ea         0   none ,g         * 
  __REL_ret0sd.l
                                  000109ee         0   none ,g         * 
  RET0S
                                  000109f0         0   none ,l         * 
  __REL_xnan2d.l
                                  000109f8         0   none ,g         * 
  __REL_xnan1d.l
                                  000109fe         0   none ,g         * 
FILE=strtol
                                  00010a04  00010a6b        68
  _strtol
                                  00010a04         0   none ,g         * 
FILE=vfprintf
                                  00010a6c  00010de7       37c
  _cast_uns.1
                                  00010a6c         0   none ,l         * 
  _vfprintf
                                  00010a7a         0   none ,g         * 
FILE=_ctoa
                                  00010de8  00010e35        4e
  __REL_ctoa_r
                                  00010de8         0   none ,g         * 
FILE=_ftoa
                                  00010e36  00011603       7ce
  _put_tgf_r
                                  00010e36         0   none ,l         * 
  _put_tf_r
                                  00010fd4         0   none ,l         * 
  _put_exp_r
                                  00011168         0   none ,l         * 
  _put_tge_r
                                  000111dc         0   none ,l         * 
  _put_te_r
                                  00011304         0   none ,l         * 
  _put_excp_r
                                  0001142e         0   none ,l         * 
  __REL_ftoa_r
                                  000114d8         0   none ,g         * 
FILE=_itoa
                                  00011604  000116f9        f6
  __REL_itoa_r
                                  00011604         0   none ,g         * 
FILE=_llitoar
                                  000116fa  00011817       11e
  __REL_llitoa_r
                                  000116fa         0   none ,g         * 
FILE=_otoa
                                  00011818  000118db        c4
  __REL_otoa_r
                                  00011818         0   none ,g         * 
FILE=_putc
                                  000118dc  000118f9        1e
  __REL_putc_r
                                  000118dc         0   none ,g         * 
  TRET
                                  000118f8         0   none ,l         * 
FILE=_stoa
                                  000118fa  0001199d        a4
  __REL_stoa_r
                                  000118fa         0   none ,g         * 
FILE=_strtoi
                                  0001199e  000119f7        5a
  __REL_strtoi
                                  0001199e         0   none ,g         * 
FILE=_strtoul
                                  000119f8  00011bb3       1bc
  _mac
                                  000119f8         0   none ,l         * 
  __REL_strtoul
                                  00011a0a         0   none ,g         * 
FILE=_ullitoar
                                  00011bb4  00011c8f        dc
  __REL_ullitoa_r
                                  00011bb4         0   none ,g         * 
FILE=_ullotoar
                                  00011c90  00011db1       122
  __REL_ullotoa_r
                                  00011c90         0   none ,g         * 
FILE=_ullxtoar
                                  00011db2  00011f55       1a4
  __REL_ullxtoa_r
                                  00011db2         0   none ,g         * 
FILE=_utoa
                                  00011f56  0001201f        ca
  __REL_utoa_r
                                  00011f56         0   none ,g         * 
FILE=_xtoa
                                  00012020  00012173       154
  __REL_xtoa_r
                                  00012020         0   none ,g         * 
FILE=com7d
                                  00012174  0001217b         8
  __REL_errno
                                  00012174         0   none ,g         * 
FILE=retd
                                  0001217c  00012199        1e
  __REL_retd.l
                                  0001217c         0   none ,g         * 
  __REL_err2d.l
                                  00012198         0   none ,g         * 
FILE=_divuh
                                  0001219a  000121b7        1e
  __REL_divuh
                                  0001219a         0   none ,g         * 
  T_RET
                                  000121a8         0   none ,l         * 
  T_RET0
                                  000121b0         0   none ,l         * 
  T_EXCP
                                  000121b2         0   none ,l         * 
FILE=_divulw
                                  000121b8  0001222d        76
  __REL_divulw
                                  000121b8         0   none ,g         * 
FILE=_frexp10
                                  0001222e  000122f5        c8
  __REL_frexp10d
                                  0001222e         0   none ,g         * 
FILE=_make_mp
                                  000122f6  000123b1        bc
  __REL_make_mp
                                  000122f6         0   none ,g         * 
FILE=_put_p
                                  000123b2  000123d1        20
  __REL_put_p_r
                                  000123b2         0   none ,g         * 
FILE=_put_pp
                                  000123d2  000123fb        2a
  __REL_put_pp_r
                                  000123d2         0   none ,g         * 
FILE=_put_ps
                                  000123fc  0001245f        64
  __REL_put_pps_r
                                  000123fc         0   none ,g         * 
FILE=abs
                                  00012460  00012469         a
  _labs
                                  00012460         0   none ,g         * 
  _abs
                                  00012460         0   none ,g         * 
  T_RET
                                  00012466         0   none ,l         * 
FILE=strlen
                                  0001246a  00012479        10
  _strlen
                                  0001246a         0   none ,g         * 
FILE=_addxd
                                  0001247a  000124c7        4e
  __REL_addxd_i
                                  0001247a         0   none ,g         * 
FILE=_dtoxd
                                  000124c8  000124dd        16
  __REL_dtoxd
                                  000124c8         0   none ,g         * 
FILE=_exp10xd
                                  000124de  000124ff        22
  __REL_exp10xd
                                  000124de         0   none ,g         * 
FILE=_mulxd
                                  00012500  0001254d        4e
  __REL_mulxd_i
                                  00012500         0   none ,g         * 
FILE=_utoxd
                                  0001254e  00012565        18
  __REL_utoxd
                                  0001254e         0   none ,g         * 
FILE=_xdtou
                                  00012566  00012583        1e
  __REL_xdtou
                                  00012566         0   none ,g         * 
  T_ZERO
                                  00012580         0   none ,l         * 
FILE=log10
                                  00012584  00012771       1ee
  _log10
                                  00012584        3c   func ,g         * 
  __REL_log10d_i
                                  000125c0        10   func ,g         * 
  __log10.1
                                  000125d0       1a2   func ,l         * 
FILE=_expxd
                                  00012772  000127d7        66
  __REL_expxd_i
                                  00012772         0   none ,g         * 
FILE=_itoxd
                                  000127d8  000127f9        22
  __REL_itoxd
                                  000127d8         0   none ,g         * 
  T0001
                                  000127e4         0   none ,l         * 
FILE=addxfd
                                  000127fa  0001294d       154
  T_EXCP1
                                  000127fa         0   none ,l         * 
  RETY
                                  00012802         0   none ,l         * 
  RETY2
                                  00012804         0   none ,l         * 
  T_RET
                                  0001280a         0   none ,l         * 
  __REL_addxf.d
                                  0001280e         0   none ,g         * 
  T0200x
                                  00012844         0   none ,l         * 
  T0200
                                  0001284c         0   none ,l         * 
  T0201
                                  00012868         0   none ,l         * 
  T0202x
                                  00012888         0   none ,l         * 
  T0202
                                  00012890         0   none ,l         * 
  T0203
                                  000128a8         0   none ,l         * 
  T0302
                                  000128b4         0   none ,l         * 
  T0303
                                  000128c4         0   none ,l         * 
  TNOR00
                                  000128e2         0   none ,l         * 
  TNOR01
                                  000128fc         0   none ,l         * 
  LZERO
                                  00012916         0   none ,l         * 
  T0501
                                  00012922         0   none ,l         * 
  T_RET2
                                  0001294a         0   none ,l         * 
FILE=com4d
                                  0001294e  000129a9        5c
  __REL_analyze1d.l
                                  0001294e         0   none ,g         * 
  __REL_analyze1md.l
                                  00012972         0   none ,g         * 
  T_RET
                                  00012992         0   none ,l         * 
  T_EXCP1
                                  00012994         0   none ,l         * 
  T_EXCP2
                                  000129a0         0   none ,l         * 
FILE=cvtxwl
                                  000129aa  000129e5        3c
  __REL_cvtx.wl
                                  000129aa         0   none ,g         * 
  T0102
                                  000129be         0   none ,l         * 
  T0103
                                  000129ca         0   none ,l         * 
  T0104
                                  000129d2         0   none ,l         * 
  LOOP1
                                  000129d6         0   none ,l         * 
  T0105
                                  000129dc         0   none ,l         * 
  T_ZERO
                                  000129e0         0   none ,l         * 
FILE=mulxfd
                                  000129e6  00012aeb       106
  __REL_mulxf.d
                                  000129e6         0   none ,g         * 
  T0501
                                  00012ae2         0   none ,l         * 
  ZEROWS
                                  00012ae4         0   none ,l         * 
FILE=frexp
                                  00012aec  00012bab        c0
  _frexp
                                  00012aec        c0   func ,g         * 
FILE=logdspecial
                                  00012bac  00012bdf        34
  __REL_logd_special
                                  00012bac        34   func ,g         * 
FILE=nand
                                  00012be0  00012be7         8
  __REL_nand_value
                                  00012be0         8   func ,g         * 
FILE=neginfd
                                  00012be8  00012bef         8
  __REL_neginfd_value
                                  00012be8         8   func ,g         * 
FILE=com1xd
                                  00012bf0  00012c1d        2e
  __REL_nor0xd.l
                                  00012bf0         0   none ,g         * 
  __REL_nor1xd.l
                                  00012bf2         0   none ,g         * 
  TNOR00
                                  00012bfa         0   none ,l         * 
  TNOR01
                                  00012c0c         0   none ,l         * 
FILE=expxd
                                  00012c1e  00012def       1d2
  __REL_expxd.l
                                  00012c1e         0   none ,g         * 
  T02000
                                  00012d1e         0   none ,l         * 
  T02001
                                  00012d4a         0   none ,l         * 
  T02001x
                                  00012d4e         0   none ,l         * 
  T02002
                                  00012d6e         0   none ,l         * 
  T02003
                                  00012d92         0   none ,l         * 
  T03001
                                  00012dbe         0   none ,l         * 
  T03002
                                  00012dc2         0   none ,l         * 
FILE=posinfd
                                  00012df0  00012df7         8
  __REL_posinfd_value
                                  00012df0         8   func ,g         * 
FILE=com2d
                                  00012df8  00012e45        4e
  __REL_plyd.l
                                  00012df8         0   none ,g         * 

SECTION=.data
FILE=DefaultBuild\r_cg_main.obj
                                  00012e48  00012e57        10
FILE=DefaultBuild\r_cg_cgc.obj
                                  00012e58  00012e5b         4
FILE=DefaultBuild\can.obj
                                  00012e5c  00012e78        1d
FILE=DefaultBuild\r_cg_ostm_user.obj
                                  00012e7c  00012eb1        36
FILE=DefaultBuild\r_cg_taub_user.obj
                                  00012eb4  00012f04        51
FILE=DefaultBuild\can_in.obj
                                  00012f08  00012fab        a4
FILE=DefaultBuild\can_out.obj
                                  00012fac  00013087        dc
FILE=DefaultBuild\state.obj
                                  00013088  0001311a        93
FILE=DefaultBuild\deration.obj
                                  0001311c  00013137        1c
FILE=DefaultBuild\r_cg_intc_user.obj
                                  00013138  0001313d         6
FILE=DefaultBuild\debugs.obj
                                  00013140  00013153        14
FILE=DefaultBuild\eeprom_tork.obj
                                  00013154  00013177        24
FILE=DefaultBuild\auto_mpp.obj
                                  00013178  00013183         c
FILE=DefaultBuild\r_cg_taud_user.obj
                                  00013184  000131a7        24
FILE=DefaultBuild\CHAdeMO.obj
                                  000131a8  000131ba        13

SECTION=R_FDL_Text.text
FILE=DefaultBuild\r_fdl_hw_access.obj
                                  000131bc  00013a89       8ce
  _R_FDL_IFct_WriteMemoryU08_TS
                                  000131bc         6   func ,g         * 
  _R_FDL_IFct_CalcFOpUnitCnt_BC
                                  000131c2        1c   func ,g         * 
  _R_FDL_IFct_ChkAccessBoundaries
                                  000131de        8a   func ,g         * 
  _R_FDL_FCUFct_ChkReg_Asm
                                  00013268        1c   func ,g         * 
  _R_FDL_FCUFct_ForcedStop
                                  00013284        68   func ,g         * 
  _R_FDL_FCUFct_ClearStatus
                                  000132ec        34   func ,g         * 
  _R_FDL_FCUFct_Switch_FAEINT
                                  00013320        1c   func ,g         * 
  _R_FDL_FCUFct_GetDFSize
                                  0001333c        1e   func ,g         * 
  _R_FDL_FCUFct_SetFrequency
                                  0001335a        d6   func ,g         * 
  _R_FDL_FCUFct_VerifyChecksum
                                  00013430         4   func ,g         * 
  _R_FDL_FCUFct_InitRAM
                                  00013434         4   func ,g         * 
  _R_FDL_FCUFct_SwitchMode_Start
                                  00013438        96   func ,g         * 
  _R_FDL_FCUFct_SwitchMode_Check_TS
                                  000134ce        24   func ,g         * 
  _R_FDL_FCUFct_GetStat
                                  000134f2        a0   func ,g         * 
  _R_FDL_FCUFct_StartWriteOperation
                                  00013592       1c0   func ,g         * 
  _R_FDL_FCUFct_StartBCEraseOperation
                                  00013752        5a   func ,g         * 
  _R_FDL_FCUFct_ReadOperation
                                  000137ac        8e   func ,g         * 
  _R_FDL_FCUFct_ChkStartable
                                  0001383a        30   func ,g         * 
  _R_FDL_FCUFct_ChkSuspendable_TS
                                  0001386a        1c   func ,g         * 
  _R_FDL_FCUFct_Suspend_TS
                                  00013886         e   func ,g         * 
  _R_FDL_FCUFct_ResumeChkNeed_TS
                                  00013894        1e   func ,g         * 
  _R_FDL_FCUFct_Resume_TS
                                  000138b2         e   func ,g         * 
  _R_FDL_FCUFct_ChkReady_TS
                                  000138c0        1a   func ,g         * 
  _R_FDL_FCUFct_CheckFatalError
                                  000138da        32   func ,g         * 
  _R_FDL_FCUFct_StandBy_Processing
                                  0001390c        e2   func ,g         * 
  _R_FDL_FCUFct_WakeUp_Processing
                                  000139ee        9c   func ,g         * 
FILE=DefaultBuild\r_fdl_user_if.obj
                                  00013a8a  0001460b       b82
  _R_FDL_InitVariables
                                  00013a8a        8c   func ,g         * 
  _R_FDL_Execute
                                  00013b16       106   func ,g         * 
  _R_FDL_Handler
                                  00013c1c       68a   func ,g         * 
  _R_FDL_GetVersionString
                                  000142a6         8   func ,g         * 
  _R_FDL_SuspendRequest
                                  000142ae        74   func ,g         * 
  _R_FDL_ResumeRequest
                                  00014322        40   func ,g         * 
  _R_FDL_StandBy
                                  00014362        22   func ,g         * 
  _R_FDL_WakeUp
                                  00014384         4   func ,g         * 
  _R_FDL_CancelRequest
                                  00014388        a2   func ,g         * 
  _R_FDL_UFct_FlashOpStart.1
                                  0001442a       1a6   func ,l         * 
  _R_FDL_UFct_StateOperational.1
                                  000145d0        3c   func ,l         * 
FILE=DefaultBuild\r_fdl_user_if_init.obj
                                  0001460c  0001460f         4
  _R_FDL_Init
                                  0001460c         4   func ,g         * 

SECTION=R_FDL_Const.const
FILE=DefaultBuild\r_fdl_user_if.obj
                                  00014610  00014622        13
  _r_fdl_vStr.1.R_FDL_GetVersionString
                                  00014610        13   data ,l         * 

SECTION=.data.R
FILE=DefaultBuild\r_cg_main.obj
                                  fede8000  fede800f        10
  _dummyCounter0
                                  fede8000         4   data ,g         * 
  _dummyCounter1
                                  fede8004         4   data ,g         * 
  _dummy
                                  fede8008         4   data ,g         * 
  _EXT_Control
                                  fede800c         4   data ,g         * 
FILE=DefaultBuild\r_cg_cgc.obj
                                  fede8010  fede8013         4
  _test_cgc
                                  fede8010         4   data ,g         * 
FILE=DefaultBuild\can.obj
                                  fede8014  fede8030        1d
  _eeprom_write_flag
                                  fede8014         4   data ,g         * 
  _RX_Fifo_msg_lost
                                  fede8018         1   data ,g         * 
  _rx_msg_DLC
                                  fede8019         1   data ,g         * 
  _rx_msg_ID
                                  fede801c         4   data ,g         * 
  _rx_msg_data0
                                  fede8020         4   data ,g         * 
  _rx_msg_data1
                                  fede8024         4   data ,g         * 
  _can_tx_counter
                                  fede8028         4   data ,g         * 
  _RxTimeStamp
                                  fede802c         4   data ,g         * 
  _fo8a_en
                                  fede8030         1   data ,g         * 
FILE=DefaultBuild\r_cg_ostm_user.obj
                                  fede8034  fede8069        36
  _OSTM_counter
                                  fede8034         4   data ,g         * 
  _AUXchargeTimeStamper
                                  fede8038         4   data ,g         * 
  _ChargerSOCTimeStamper
                                  fede803c         4   data ,g         * 
  _SleepTimer
                                  fede8040         4   data ,g         * 
  _GuideMeHomeCounter
                                  fede8044         4   data ,g         * 
  _DiagnosticBlinkCounter
                                  fede8048         4   data ,g         * 
  _ChadSubTimeOut
                                  fede804c         2   data ,g         * 
  _JuiceCounter
                                  fede8050         4   data ,g         * 
  _JuinceInASecond
                                  fede8054         4   data ,g         * 
  _JuiceAdderCount
                                  fede8058         4   data ,g         * 
  _wdtCounter
                                  fede805c         4   data ,g         * 
  _HornPWMControlTime
                                  fede8060         4   data ,g         * 
  _ch0_max_value
                                  fede8064         2   data ,g         * 
  _ch0_min_value
                                  fede8066         2   data ,g         * 
  _ch0_current_value
                                  fede8068         2   data ,g         * 
FILE=DefaultBuild\r_cg_taub_user.obj
                                  fede806c  fede80bc        51
  _tsl_R_counter
                                  fede806c         1   data ,g         * 
  _tsl_R_counterMAX
                                  fede806d         1   data ,g         * 
  _tsl_L_counter
                                  fede806e         1   data ,g         * 
  _tsl_L_counterMAX
                                  fede806f         1   data ,g         * 
  _led_counter
                                  fede8070         1   data ,g         * 
  _send_CAN_counter
                                  fede8071         1   data ,g         * 
  _odo_counter
                                  fede8074         4   data ,g         * 
  _odo_averager
                                  fede8078         4   data ,g         * 
  _odo_remainder
                                  fede807c         4   data ,g         * 
  _enableOutFrameMaker
                                  fede8080         1   data ,g         * 
  _chargerFrameAckCounter
                                  fede8082         2   data ,g         * 
  _lastChargerFrameCounter
                                  fede8084         2   data ,g         * 
  _cMotConFrameAckCounter
                                  fede8086         2   data ,g         * 
  _lastCMotConFrameCounter
                                  fede8088         2   data ,g         * 
  _bmsFrameAckCounter
                                  fede808a         2   data ,g         * 
  _lastbmsFrameCounter
                                  fede808c         2   data ,g         * 
  _canIdCounter
                                  fede808e         1   data ,g         * 
  _sleepTest
                                  fede808f         1   data ,g         * 
  _tsl_L_Amps
                                  fede8090         2   data ,g         * 
[...]
  _address_2
                                  fede957c        30   data ,g         * 
  _data0_2
                                  fede95ac         4   data ,g         * 
  _data1_2
                                  fede95b0         4   data ,g         * 
  _startBit_3
                                  fede95b4         8   data ,g         * 
  _length_3
                                  fede95bc         8   data ,g         * 
  _address_3
                                  fede95c4        20   data ,g         * 
  _data0_3
                                  fede95e4         4   data ,g         * 
  _data1_3
                                  fede95e8         4   data ,g         * 
  _startBit_406909952
                                  fede95ec         8   data ,g         * 
  _length_406909952
                                  fede95f4         8   data ,g         * 
  _address_406909952
                                  fede95fc        20   data ,g         * 
  _data0_406909952
                                  fede961c         4   data ,g         * 
  _data1_406909952
                                  fede9620         4   data ,g         * 
  _startBit_419385573
                                  fede9624         8   data ,g         * 
  _length_419385573
                                  fede962c         8   data ,g         * 
  _address_419385573
                                  fede9634        20   data ,g         * 
  _data0_419385573
                                  fede9654         4   data ,g         * 
  _data1_419385573
                                  fede9658         4   data ,g         * 
  _startBit_419385574
                                  fede965c         8   data ,g         * 
  _length_419385574
                                  fede9664         8   data ,g         * 
  _address_419385574
                                  fede966c        20   data ,g         * 
  _data0_419385574
                                  fede968c         4   data ,g         * 
  _data1_419385574
                                  fede9690         4   data ,g         * 
FILE=DefaultBuild\state.obj
                                  fede9694  fede96cf        3c
  _vehicle_state
                                  fede9694        10   data ,g         * 
  _IGniChanged
                                  fede96a4         2   data ,g         * 
  _KIllChanged
                                  fede96a6         2   data ,g         * 
  _ChargerChanged
                                  fede96a8         2   data ,g         * 
  _bmsIgniToggleCounter1
                                  fede96aa         2   data ,g         * 
  _soft_version
                                  fede96ac         4   data ,g         * 
  _hardwareVersion
                                  fede96b0         4   data ,g         * 
  _warn_ForceDisableCellBalAtDischarge_788912_4_448
                                  fede96b4         4   data ,g         * 
  _warn_ForceCrawlCellBalAtDischarge_788912_2_384
                                  fede96b8         4   data ,g         * 
  _warn_DisableCellVolt_788928_4_640
                                  fede96bc         4   data ,g         * 
  _warn_OnlyCrawlCellVolt_788928_2_576
                                  fede96c0         4   data ,g         * 
  _warn_OnlyEcoCellVolt_788928_0_512
                                  fede96c4         4   data ,g         * 
  _warn_motorTemp
                                  fede96c8         4   data ,g         * 
  _UrbanTrimActive_Old
                                  fede96cc         1   data ,g         * 
  _CurrentRPMLimit
                                  fede96ce         2   data ,g         * 
FILE=DefaultBuild\fdl_user.obj
                                  fede96d0  fede96d3         4
  _PSWSafe
                                  fede96d0         4   data ,g         * 
FILE=DefaultBuild\r_cg_adc.obj
                                  fede96d4  fede97e1       10e
  _adc_buffer_raw
                                  fede96d4        3c   data ,g         * 
  _adc_buffer_sum
                                  fede9710        78   data ,g         * 
  _adc_buffer_avg
                                  fede9788        3c   data ,g         * 
  _short_ckt_flag
                                  fede97c4        1e   data ,g         * 
FILE=DefaultBuild\deration.obj
                                  fede97e4  fede9801        1e
  _derating
                                  fede97e4         4   data ,g         * 
  _bandwidth
                                  fede97e8         4   data ,g         * 
  _reductionPercentage
                                  fede97ec         4   data ,g         * 
  _nowReductionPercenFromBandwidth
                                  fede97f0         4   data ,g         * 
  _howAboveFromBegin
                                  fede97f4         4   data ,g         * 
  _howMuchValueToDeduct
                                  fede97f8         4   data ,g         * 
  _AcAtECO
                                  fede97fc         2   data ,g         * 
  _AcAtCity
                                  fede97fe         2   data ,g         * 
  _AcAtSport
                                  fede9800         2   data ,g         * 
FILE=DefaultBuild\eeprom_tork.obj
                                  fede9804  fede9ecb       6c8
  _eep_out_frame
                                  fede9804        32   data ,g         * 
  _DISCHARGE_VS_BATTEMP
                                  fede9836        48   data ,g         * 
  _DISCHARGE_VS_BATTEMP_pointer
                                  fede9880         4   data ,g         * 
  _ForceEcoCellBalAtStart_788896_0_64
                                  fede9884         4   data ,g         * 
  _ForceCrawlCellBalAtStart_788896_2_128
                                  fede9888         4   data ,g         * 
  _ForceDisableCellBalAtStart_788896_4_192
                                  fede988c         4   data ,g         * 
  _ForceEcoCellBalAtDischarge_788912_0_320
                                  fede9890         4   data ,g         * 
  _ForceCrawlCellBalAtDischarge_788912_2_384
                                  fede9894         4   data ,g         * 
  _ForceDisableCellBalAtDischarge_788912_4_448
                                  fede9898         4   data ,g         * 
  _OnlyEcoCellVolt_788928_0_512
                                  fede989c         4   data ,g         * 
  _OnlyCrawlCellVolt_788928_2_576
                                  fede98a0         4   data ,g         * 
  _DisableCellVolt_788928_4_640
                                  fede98a4         4   data ,g         * 
  _OnlyEcoCellTemp_788958_0_704
                                  fede98a8         4   data ,g         * 
  _OnlyCrawlCellTemp_788958_2_768
                                  fede98ac         4   data ,g         * 
  _DisableCellTemp_788958_4_832
                                  fede98b0         4   data ,g         * 
  _MaxRpmEco_788880_0_1152
                                  fede98b4         4   data ,g         * 
  _MaxRpmCity_788880_2_1216
                                  fede98b8         4   data ,g         * 
  _MaxRpmSport_788880_4_1280
                                  fede98bc         4   data ,g         * 
  _MotTempDerateBegin_788864_0_1344
                                  fede98c0         4   data ,g         * 
  _MotTempDerateRatio_788864_2_1408
                                  fede98c4         4   data ,g         * 
  _MotTempDerateConclude_788864_4_1472
                                  fede98c8         4   data ,g         * 
  _AcMaxEco_788848_0_1536
                                  fede98cc         4   data ,g         * 
  _AcMaxCity_788848_2_1600
                                  fede98d0         4   data ,g         * 
  _AcMaxSport_788848_4_1664
                                  fede98d4         4   data ,g         * 
  _OdoEep_788832_0_2496
                                  fede98d8         4   data ,g         * 
  _RampUpStartRPM_788816_0_1728
                                  fede98dc         4   data ,g         * 
  _RampUpStartDC_788816_2_1792
                                  fede98e0         4   data ,g         * 
  _RampUpEndRPM_788816_4_1856
                                  fede98e4         4   data ,g         * 
  _RampDwRPMBegin_788800_0_1920
                                  fede98e8         4   data ,g         * 
  _RampDwnDcLimit_788800_2_1984
                                  fede98ec         4   data ,g         * 
  _RampDwnRpmConclude_788800_4_2048
                                  fede98f0         4   data ,g         * 
  _HcRPMBegin_788784_0_2112
                                  fede98f4         4   data ,g         * 
  _HcAcLowLimit_788784_2_2176
                                  fede98f8         4   data ,g         * 
  _HcRPMConclude_788784_4_2240
                                  fede98fc         4   data ,g         * 
  _MaxTEMP_788768_0_2304
                                  fede9900         4   data ,g         * 
  _DUMmmy1_788768_2_2368
                                  fede9904         4   data ,g         * 
  _DUMmmy2_788768_4_2432
                                  fede9908         4   data ,g         * 
  _NowAllWtHrKm_912130_0_2560
                                  fede990c         4   data ,g         * 
  _PassWord_912131_0_2624
                                  fede9910         8   data ,g         * 
  _DateCompiled_912132_0_2688
                                  fede9918         8   data ,g         * 
  _EcuVer_912133_0_2752
                                  fede9920         8   data ,g         * 
  _DbcVer_912134_0_2816
                                  fede9928         8   data ,g         * 
  _BmsVer_912135_0_2880
                                  fede9930         8   data ,g         * 
  _EcuSerialNumber1_912136_0_2944
                                  fede9938         8   data ,g         * 
  _EcuSerialNumber2_912137_0_3008
                                  fede9940         8   data ,g         * 
  _BMSErrorLog_912138_0_3072
                                  fede9948         8   data ,g         * 
  _BMSEnabledByECU_912139_0_3136
                                  fede9950         8   data ,g         * 
  _VehicleSignature_912140_0_3200
                                  fede9958         8   data ,g         * 
  _VIN1_912141_0_3264
                                  fede9960         8   data ,g         * 
  _VIN2_912142_0_3328
                                  fede9968         8   data ,g         * 
  _VIN3_912143_0_3392
                                  fede9970         8   data ,g         * 
  _bmsSerial1_912144_0_3456
                                  fede9978         8   data ,g         * 
  _bmsSerial2_912145_0_3520
                                  fede9980         8   data ,g         * 
  _bmsSerial3_912146_0_3584
                                  fede9988         8   data ,g         * 
  _MotConSerial1_912147_0_3648
                                  fede9990         8   data ,g         * 
  _MotConSerial2_912148_0_3712
                                  fede9998         8   data ,g         * 
  _MotConSerial3_912149_0_3776
                                  fede99a0         8   data ,g         * 
  _ClusterSerial1_912150_0_3840
                                  fede99a8         8   data ,g         * 
  _ClusterSerial2_912151_0_3904
                                  fede99b0         8   data ,g         * 
  _ClusterSerial3_912152_0_3968
                                  fede99b8         8   data ,g         * 
  _TconSerial1_912153_0_4032
                                  fede99c0         8   data ,g         * 
  _TconSerial2_912154_0_4096
                                  fede99c8         8   data ,g         * 
  _TconSerial3_912155_0_4160
                                  fede99d0         8   data ,g         * 
  _MotorSerial1_912156_0_4224
                                  fede99d8         8   data ,g         * 
  _MotorSerial2_912157_0_4288
                                  fede99e0         8   data ,g         * 
  _MotorSerial3_912158_0_4352
                                  fede99e8         8   data ,g         * 
  _PremiumStatus_912159_0_4416
                                  fede99f0         8   data ,g         * 
  _eep_var_address
                                  fede99f8       190   data ,g         * 
  _eeprom_offsets
                                  fede9b88        c8   data ,g         * 
  _eepromCanId
                                  fede9c50       190   data ,g         * 
  _eepromCanStartBytes
                                  fede9de0        c8   data ,g         * 
  _fdlRet
                                  fede9ea8         4   data ,g         * 
  _req
                                  fede9eac        18   data ,g         * 
  _read_all_counter
                                  fede9ec4         4   data ,g         * 
  _ack_counter.1.feed_eeprom
                                  fede9ec8         4   data ,l         * 
FILE=DefaultBuild\r_cg_taud_user.obj
                                  fede9ecc  fede9ed4         9
  _adc_counter
                                  fede9ecc         2   data ,g         * 
  _deb_threshold
                                  fede9ece         6   data ,g         * 
  _deb_loop_count
                                  fede9ed4         1   data ,g         * 
FILE=DefaultBuild\CHAdeMO.obj
                                  fede9ed8  fede9ee1         a
  _vhSubroutines
                                  fede9ed8         a   data ,g         * 
FILE=com7d
                                  fede9ee4  fede9ee7         4
  __REL_errno_obj
                                  fede9ee4         0   none ,l         * 

SECTION=.stack.bss
FILE=DefaultBuild\cstart.obj
                                  fede9ee8  fedea6e7       800
  _stacktop
                                  fedea6e8         0   none ,l         * 

SECTION=R_FDL_Data.bss
FILE=DefaultBuild\r_fdl_user_if.obj
                                  fedea6e8  fedea74f        68
  _g_fdl_str
                                  fedea6e8        68   data ,g         * 

SECTION=R_FDL_CodeRam.bss
FILE=DefaultBuild\r_fdl_user_if.obj
                                  fedea750  fedea84f       100
  _g_fdl_ramCodeBuf_au16
                                  fedea750       100   data ,g         * 

Absolute value symbols
FILE=rlink_generates_01
  __gp_data
                                  00000000         0   none ,g         * 
  __ep_data
                                  00000000         0   none ,g         * 
FILE=rlink_generates_02
  __s.text
                                  0000388c         0   none ,g         * 
  __e.text
                                  00012e46         0   none ,g         * 
  __S_text
                                  0000388c         0   none ,g         * 
  __E_text
                                  00012e46         0   none ,g         * 
  __s.data
                                  00012e48         0   none ,g         * 
  __e.data
                                  000131bb         0   none ,g         * 
  __s.data.R
                                  fede8000         0   none ,g         * 
  __e.data.R
                                  fede8373         0   none ,g         * 
  __S_data
                                  00012e48         0   none ,g         * 
  __E_data
                                  000131bb         0   none ,g         * 
  __S_data_R
                                  fede8000         0   none ,g         * 
  __E_data_R
                                  fede8373         0   none ,g         * 
  __s.bss
                                  fede8374         0   none ,g         * 
  __e.bss
                                  fede9ee8         0   none ,g         * 
  __S_bss
                                  fede8374         0   none ,g         * 
  __E_bss
                                  fede9ee8         0   none ,g         * 
  __s.const
                                  00001000         0   none ,g         * 
  __e.const
                                  00003878         0   none ,g         * 
  __S_const
                                  00001000         0   none ,g         * 
  __E_const
                                  00003878         0   none ,g         * 
  __s.stack.bss
                                  fede9ee8         0   none ,g         * 
  __e.stack.bss
                                  fedea6e8         0   none ,g         * 
  __S_stack_bss
                                  fede9ee8         0   none ,g         * 
  __E_stack_bss
                                  fedea6e8         0   none ,g         * 
  __s.INIT_DSEC.const
                                  00003878         0   none ,g         * 
  __e.INIT_DSEC.const
                                  00003884         0   none ,g         * 
  __S_INIT_DSEC_const
                                  00003878         0   none ,g         * 
  __E_INIT_DSEC_const
                                  00003884         0   none ,g         * 
  __s.INIT_BSEC.const
                                  00003884         0   none ,g         * 
  __e.INIT_BSEC.const
                                  0000388c         0   none ,g         * 
  __S_INIT_BSEC_const
                                  00003884         0   none ,g         * 
  __E_INIT_BSEC_const
                                  0000388c         0   none ,g         * 
  __sEIINTTBL.const
                                  00000200         0   none ,g         * 
  __eEIINTTBL.const
                                  00000798         0   none ,g         * 
  __SEIINTTBL_const
                                  00000200         0   none ,g         * 
  __EEIINTTBL_const
                                  00000798         0   none ,g         * 
  __sR_FDL_Text.text
                                  000131bc         0   none ,g         * 
  __eR_FDL_Text.text
                                  00014610         0   none ,g         * 
  __SR_FDL_Text_text
                                  000131bc         0   none ,g         * 
  __ER_FDL_Text_text
                                  00014610         0   none ,g         * 
  __sR_FDL_Data.bss
                                  fedea6e8         0   none ,g         * 
  __eR_FDL_Data.bss
                                  fedea750         0   none ,g         * 
  __SR_FDL_Data_bss
                                  fedea6e8         0   none ,g         * 
  __ER_FDL_Data_bss
                                  fedea750         0   none ,g         * 
  __sR_FDL_CodeRam.bss
                                  fedea750         0   none ,g         * 
  __eR_FDL_CodeRam.bss
                                  fedea850         0   none ,g         * 
  __SR_FDL_CodeRam_bss
                                  fedea750         0   none ,g         * 
  __ER_FDL_CodeRam_bss
                                  fedea850         0   none ,g         * 
  __sR_FDL_Const.const
                                  00014610         0   none ,g         * 
  __eR_FDL_Const.const
                                  00014623         0   none ,g         * 
  __SR_FDL_Const_const
                                  00014610         0   none ,g         * 
  __ER_FDL_Const_const
                                  00014623         0   none ,g         * 
  __sRESET
                                  00000000         0   none ,g         * 
  __eRESET
                                  000001f8         0   none ,g         * 
  __SRESET
                                  00000000         0   none ,g         * 
  __ERESET
                                  000001f8         0   none ,g         * 

*** Unfilled Areas ***

AREA                                START    END

*** Delete Symbols ***

SYMBOL                                SIZE    INFO
